
> zyatria-global@1.0.0 build
> astro build

18:11:17 [@astrojs/cloudflare] Enabling sessions with Cloudflare KV with the "SESSION" KV binding.
18:11:17 [@astrojs/cloudflare] If you see the error "Invalid binding `SESSION`" in your build output, you need to add the binding to your wrangler config file.
18:11:17 [WARN] [adapter] Cloudflare does not support sharp at runtime. However, you can configure `imageService: "compile"` to optimize images with sharp on prerendered pages during build time.
18:11:17 [vite] Re-optimizing dependencies because vite config has changed
18:11:17 [content] Syncing content
18:11:17 [content] Synced content
18:11:17 [types] Generated 294ms
18:11:17 [build] output: "server"
18:11:17 [build] mode: "server"
18:11:17 [build] directory: /app/dist/
18:11:17 [build] adapter: @astrojs/cloudflare
18:11:17 [build] Collecting build info...
18:11:17 [build] ✓ Completed in 367ms.
18:11:17 [build] Building server entrypoints...
18:11:22 [vite] ✓ built in 4.93s
18:11:22 [build] ✓ Completed in 4.99s.

 building client (vite) 
18:11:22 [vite] transforming...
18:11:25 [vite] ✓ 2245 modules transformed.
18:11:25 [WARN] [vite] Generated an empty chunk: "test.astro_astro_type_script_index_0_lang".
18:11:25 [vite] rendering chunks...
18:11:25 [vite] computing gzip size...
18:11:25 [vite] dist/_astro/base-url.DVjYrgnb.js                                          0.05 kB │ gzip:  0.07 kB
18:11:25 [vite] dist/_astro/check.ChBy7y0Z.js                                             0.30 kB │ gzip:  0.25 kB
18:11:25 [vite] dist/_astro/loader-circle.B2nJ7ggR.js                                     0.32 kB │ gzip:  0.26 kB
18:11:25 [vite] dist/_astro/message-circle.Bwosc0xi.js                                    0.33 kB │ gzip:  0.27 kB
18:11:25 [vite] dist/_astro/code.DVRaCuM1.js                                              0.35 kB │ gzip:  0.26 kB
18:11:25 [vite] dist/_astro/arrow-right.CodxBfua.js                                       0.35 kB │ gzip:  0.27 kB
18:11:25 [vite] dist/_astro/circle-check.jshL4FZU.js                                      0.36 kB │ gzip:  0.28 kB
18:11:25 [vite] dist/_astro/message-square.CXnfTWbq.js                                    0.36 kB │ gzip:  0.28 kB
18:11:25 [vite] dist/_astro/circle-check-big.nDyomz6B.js                                  0.37 kB │ gzip:  0.29 kB
18:11:25 [vite] dist/_astro/credit-card.Dua_DhT0.js                                       0.39 kB │ gzip:  0.30 kB
18:11:25 [vite] dist/_astro/mail.CApxOwl3.js                                              0.40 kB │ gzip:  0.31 kB
18:11:25 [vite] dist/_astro/dollar-sign.DDuLrG71.js                                       0.40 kB │ gzip:  0.30 kB
18:11:25 [vite] dist/_astro/target.CYCcGlGK.js                                            0.41 kB │ gzip:  0.27 kB
18:11:25 [vite] dist/_astro/globe.DcbSHBTb.js                                             0.42 kB │ gzip:  0.30 kB
18:11:25 [vite] dist/_astro/eye.DiQ_SrXp.js                                               0.44 kB │ gzip:  0.31 kB
18:11:25 [vite] dist/_astro/map-pin.CLN-x97Z.js                                           0.44 kB │ gzip:  0.33 kB
18:11:25 [vite] dist/_astro/calendar.D4iXVNnh.js                                          0.44 kB │ gzip:  0.31 kB
18:11:25 [vite] dist/_astro/zap.CphHfqNk.js                                               0.45 kB │ gzip:  0.32 kB
18:11:25 [vite] dist/_astro/shield.CbgHtJXd.js                                            0.45 kB │ gzip:  0.33 kB
18:11:25 [vite] dist/_astro/house.Dzfwy_f4.js                                             0.47 kB │ gzip:  0.33 kB
18:11:25 [vite] dist/_astro/bell.rct9Fv04.js                                              0.47 kB │ gzip:  0.35 kB
18:11:25 [vite] dist/_astro/bot.Dl7znvWL.js                                               0.51 kB │ gzip:  0.34 kB
18:11:25 [vite] dist/_astro/language-context.B0l1Ftcj.js                                  0.58 kB │ gzip:  0.37 kB
18:11:25 [vite] dist/_astro/plus.D4xx5x-P.js                                              0.63 kB │ gzip:  0.33 kB
18:11:25 [vite] dist/_astro/rocket.CYqvwSmU.js                                            0.64 kB │ gzip:  0.42 kB
18:11:25 [vite] dist/_astro/index.BdyBDgr_.js                                             0.64 kB │ gzip:  0.44 kB
18:11:25 [vite] dist/_astro/x.nRBBq8u_.js                                                 0.65 kB │ gzip:  0.32 kB
18:11:25 [vite] dist/_astro/textarea.ByOQvpFi.js                                          0.66 kB │ gzip:  0.41 kB
18:11:25 [vite] dist/_astro/sparkles.MrwbiY9l.js                                          0.68 kB │ gzip:  0.39 kB
18:11:25 [vite] dist/_astro/label.D1xxUaEI.js                                             0.72 kB │ gzip:  0.45 kB
18:11:25 [vite] dist/_astro/jsx-runtime.D_zvdyIk.js                                       0.73 kB │ gzip:  0.46 kB
18:11:25 [vite] dist/_astro/lock.C-PgxVP_.js                                              0.76 kB │ gzip:  0.40 kB
18:11:25 [vite] dist/_astro/users.DVkBwPip.js                                             0.79 kB │ gzip:  0.40 kB
18:11:25 [vite] dist/_astro/input.DSYrZDKv.js                                             0.85 kB │ gzip:  0.47 kB
18:11:25 [vite] dist/_astro/send.NXaRzZ27.js                                              0.92 kB │ gzip:  0.46 kB
18:11:25 [vite] dist/_astro/card.rUXi4x01.js                                              0.93 kB │ gzip:  0.41 kB
18:11:25 [vite] dist/_astro/workflow.RThGaOqm.js                                          1.15 kB │ gzip:  0.52 kB
18:11:25 [vite] dist/_astro/badge.BfH0aMSJ.js                                             1.22 kB │ gzip:  0.60 kB
18:11:25 [vite] dist/_astro/CompactContactForm.CYGerBw_.js                                1.51 kB │ gzip:  0.69 kB
18:11:25 [vite] dist/_astro/FormspreeButton.CGIk4IRM.js                                   1.58 kB │ gzip:  0.74 kB
18:11:25 [vite] dist/_astro/client.a-dVTLzK.js                                            1.77 kB │ gzip:  0.90 kB
18:11:25 [vite] dist/_astro/createLucideIcon.B7uw3SI9.js                                  1.86 kB │ gzip:  0.80 kB
18:11:25 [vite] dist/_astro/SimpleContactForm.Bssft2tV.js                                 2.20 kB │ gzip:  0.87 kB
18:11:25 [vite] dist/_astro/video.CduSFSal.js                                             3.05 kB │ gzip:  0.91 kB
18:11:25 [vite] dist/_astro/stripe-links.BdNXeYNd.js                                      3.33 kB │ gzip:  1.40 kB
18:11:25 [vite] dist/_astro/tabs.D5WaRt3n.js                                              3.61 kB │ gzip:  1.55 kB
18:11:25 [vite] dist/_astro/index.BvNfZMHe.js                                             3.89 kB │ gzip:  1.52 kB
18:11:25 [vite] dist/_astro/button.C3K10HyD.js                                            4.00 kB │ gzip:  1.78 kB
18:11:25 [vite] dist/_astro/index.bMvqMXRi.js                                             4.01 kB │ gzip:  1.74 kB
18:11:25 [vite] dist/_astro/ServicesPage.G7gil_lQ.js                                      4.61 kB │ gzip:  1.86 kB
18:11:25 [vite] dist/_astro/LeadQualificationForm.GzwL9PxP.js                             5.28 kB │ gzip:  1.76 kB
18:11:25 [vite] dist/_astro/index.9I3bWDMV.js                                             5.56 kB │ gzip:  2.31 kB
18:11:25 [vite] dist/_astro/Navigation.kpJCrsJo.js                                        6.02 kB │ gzip:  1.93 kB
18:11:25 [vite] dist/_astro/Footer.CRjDKkbN.js                                            6.49 kB │ gzip:  2.01 kB
18:11:25 [vite] dist/_astro/AboutPage.CC95wb1k.js                                         6.58 kB │ gzip:  2.08 kB
18:11:25 [vite] dist/_astro/MicroAgentsPage.DYyVFdPK.js                                   6.61 kB │ gzip:  2.35 kB
18:11:25 [vite] dist/_astro/demo.astro_astro_type_script_index_0_lang.D7aPWqsf.js         8.08 kB │ gzip:  3.20 kB
18:11:25 [vite] dist/_astro/index.CY-HDqYb.js                                             8.40 kB │ gzip:  3.28 kB
18:11:25 [vite] dist/_astro/LeadQualificationFormSimple.DjMd_n9b.js                       8.78 kB │ gzip:  2.37 kB
18:11:25 [vite] dist/_astro/PaymentDemoPage.CNQnJcjd.js                                   9.34 kB │ gzip:  3.81 kB
18:11:25 [vite] dist/_astro/Pricing.zCl95_fs.js                                          12.41 kB │ gzip:  3.55 kB
18:11:25 [vite] dist/_astro/index.DqmQuXbV.js                                            16.71 kB │ gzip:  6.60 kB
18:11:25 [vite] dist/_astro/KnowledgeBasePage.V9iSutuB.js                                16.97 kB │ gzip:  5.05 kB
18:11:25 [vite] dist/_astro/TechnicalDocsPage.Bmt5OOIV.js                                18.06 kB │ gzip:  5.56 kB
18:11:25 [vite] dist/_astro/dropdown-menu.B-cfmBSR.js                                    19.13 kB │ gzip:  5.84 kB
18:11:25 [vite] dist/_astro/select.DEXUd0W2.js                                           22.48 kB │ gzip:  7.87 kB
18:11:25 [vite] dist/_astro/utils.CBfrqCZ4.js                                            24.86 kB │ gzip:  7.93 kB
18:11:25 [vite] dist/_astro/TechnologyPage.BqjziS2K.js                                   25.43 kB │ gzip:  7.22 kB
18:11:25 [vite] dist/_astro/Combination.BrwIydAx.js                                      47.27 kB │ gzip: 17.24 kB
18:11:25 [vite] dist/_astro/AppWrapper.BxRF2g_T.js                                       68.21 kB │ gzip: 20.04 kB
18:11:25 [vite] dist/_astro/dashboard.astro_astro_type_script_index_0_lang.BHcx1C8m.js  107.02 kB │ gzip: 31.31 kB
18:11:25 [vite] dist/_astro/client.B-2yCO62.js                                          173.81 kB │ gzip: 54.95 kB
18:11:25 [vite] ✓ built in 3.00s

 prerendering static routes 
18:11:25 ✓ Completed in 27ms.

18:11:25 [build] Rearranging server assets...
18:11:25 [build] Server built in 8.48s
18:11:25 [build] Complete!
