
> zyatria-global@1.0.0 build
> astro build

04:27:38 [@astrojs/cloudflare] Enabling sessions with Cloudflare KV with the "SESSION" KV binding.
04:27:38 [@astrojs/cloudflare] If you see the error "Invalid binding `SESSION`" in your build output, you need to add the binding to your wrangler config file.
04:27:38 [WARN] [adapter] Cloudflare does not support sharp at runtime. However, you can configure `imageService: "compile"` to optimize images with sharp on prerendered pages during build time.
04:27:38 [content] Syncing content
04:27:39 [content] Synced content
04:27:39 [types] Generated 94ms
04:27:39 [build] output: "server"
04:27:39 [build] mode: "server"
04:27:39 [build] directory: /app/dist/
04:27:39 [build] adapter: @astrojs/cloudflare
04:27:39 [build] Collecting build info...
04:27:39 [build] ✓ Completed in 160ms.
04:27:39 [build] Building server entrypoints...
04:27:43 [vite] ✓ built in 4.61s
04:27:43 [build] ✓ Completed in 4.65s.

 building client (vite) 
04:27:43 [vite] transforming...
04:27:46 [vite] ✓ 2243 modules transformed.
04:27:46 [WARN] [vite] Generated an empty chunk: "test.astro_astro_type_script_index_0_lang".
04:27:46 [vite] rendering chunks...
04:27:46 [vite] computing gzip size...
04:27:46 [vite] dist/_astro/base-url.DVjYrgnb.js                                          0.05 kB │ gzip:  0.07 kB
04:27:46 [vite] dist/_astro/check.ChBy7y0Z.js                                             0.30 kB │ gzip:  0.25 kB
04:27:46 [vite] dist/_astro/chevron-down.DNZWfD6V.js                                      0.31 kB │ gzip:  0.25 kB
04:27:46 [vite] dist/_astro/loader-circle.B2nJ7ggR.js                                     0.32 kB │ gzip:  0.26 kB
04:27:46 [vite] dist/_astro/code.DVRaCuM1.js                                              0.35 kB │ gzip:  0.26 kB
04:27:46 [vite] dist/_astro/arrow-right.CodxBfua.js                                       0.35 kB │ gzip:  0.27 kB
04:27:46 [vite] dist/_astro/circle-check.jshL4FZU.js                                      0.36 kB │ gzip:  0.28 kB
04:27:46 [vite] dist/_astro/message-square.CXnfTWbq.js                                    0.36 kB │ gzip:  0.28 kB
04:27:46 [vite] dist/_astro/circle-check-big.nDyomz6B.js                                  0.37 kB │ gzip:  0.29 kB
04:27:46 [vite] dist/_astro/credit-card.Dua_DhT0.js                                       0.39 kB │ gzip:  0.30 kB
04:27:46 [vite] dist/_astro/dollar-sign.DDuLrG71.js                                       0.40 kB │ gzip:  0.30 kB
04:27:46 [vite] dist/_astro/target.CYCcGlGK.js                                            0.41 kB │ gzip:  0.27 kB
04:27:46 [vite] dist/_astro/globe.DcbSHBTb.js                                             0.42 kB │ gzip:  0.30 kB
04:27:46 [vite] dist/_astro/eye.DiQ_SrXp.js                                               0.44 kB │ gzip:  0.31 kB
04:27:46 [vite] dist/_astro/map-pin.CLN-x97Z.js                                           0.44 kB │ gzip:  0.33 kB
04:27:46 [vite] dist/_astro/calendar.D4iXVNnh.js                                          0.44 kB │ gzip:  0.31 kB
04:27:46 [vite] dist/_astro/zap.CphHfqNk.js                                               0.45 kB │ gzip:  0.32 kB
04:27:46 [vite] dist/_astro/shield.CbgHtJXd.js                                            0.45 kB │ gzip:  0.33 kB
04:27:46 [vite] dist/_astro/house.Dzfwy_f4.js                                             0.47 kB │ gzip:  0.33 kB
04:27:46 [vite] dist/_astro/bell.rct9Fv04.js                                              0.47 kB │ gzip:  0.35 kB
04:27:46 [vite] dist/_astro/Pricing.BVPSpVQj.js                                           0.51 kB │ gzip:  0.31 kB
04:27:46 [vite] dist/_astro/bot.Dl7znvWL.js                                               0.51 kB │ gzip:  0.34 kB
04:27:46 [vite] dist/_astro/Navigation.D5B81GDU.js                                        0.57 kB │ gzip:  0.32 kB
04:27:46 [vite] dist/_astro/language-context.B0l1Ftcj.js                                  0.58 kB │ gzip:  0.37 kB
04:27:46 [vite] dist/_astro/rocket.CYqvwSmU.js                                            0.64 kB │ gzip:  0.42 kB
04:27:46 [vite] dist/_astro/index.B7Xb1fEU.js                                             0.64 kB │ gzip:  0.44 kB
04:27:46 [vite] dist/_astro/textarea.C_eNndu9.js                                          0.66 kB │ gzip:  0.40 kB
04:27:46 [vite] dist/_astro/message-circle.DyUUkMS4.js                                    0.67 kB │ gzip:  0.37 kB
04:27:46 [vite] dist/_astro/sparkles.MrwbiY9l.js                                          0.68 kB │ gzip:  0.39 kB
04:27:46 [vite] dist/_astro/label.IGjLqeTy.js                                             0.72 kB │ gzip:  0.45 kB
04:27:46 [vite] dist/_astro/jsx-runtime.D_zvdyIk.js                                       0.73 kB │ gzip:  0.46 kB
04:27:46 [vite] dist/_astro/users.DVkBwPip.js                                             0.79 kB │ gzip:  0.40 kB
04:27:46 [vite] dist/_astro/search.BaG3jfaC.js                                            0.82 kB │ gzip:  0.40 kB
04:27:46 [vite] dist/_astro/input.Bb-2louV.js                                             0.85 kB │ gzip:  0.46 kB
04:27:46 [vite] dist/_astro/send.NXaRzZ27.js                                              0.92 kB │ gzip:  0.46 kB
04:27:46 [vite] dist/_astro/card.BoDgFye4.js                                              0.93 kB │ gzip:  0.41 kB
04:27:46 [vite] dist/_astro/star.BrQ0bMQ4.js                                              0.95 kB │ gzip:  0.48 kB
04:27:46 [vite] dist/_astro/workflow.RThGaOqm.js                                          1.15 kB │ gzip:  0.52 kB
04:27:46 [vite] dist/_astro/badge.C2-L2wzr.js                                             1.19 kB │ gzip:  0.58 kB
04:27:46 [vite] dist/_astro/CompactContactForm.LD4bflkP.js                                1.48 kB │ gzip:  0.67 kB
04:27:46 [vite] dist/_astro/FormspreeButton.CGIk4IRM.js                                   1.58 kB │ gzip:  0.74 kB
04:27:46 [vite] dist/_astro/client.a-dVTLzK.js                                            1.77 kB │ gzip:  0.90 kB
04:27:46 [vite] dist/_astro/createLucideIcon.B7uw3SI9.js                                  1.86 kB │ gzip:  0.80 kB
04:27:46 [vite] dist/_astro/SimpleContactForm.DQJVMYys.js                                 2.17 kB │ gzip:  0.85 kB
04:27:46 [vite] dist/_astro/video.BFoz3Awx.js                                             2.29 kB │ gzip:  0.77 kB
04:27:46 [vite] dist/_astro/tabs.DS-GBn7s.js                                              3.61 kB │ gzip:  1.54 kB
04:27:46 [vite] dist/_astro/index.BvNfZMHe.js                                             3.89 kB │ gzip:  1.52 kB
04:27:46 [vite] dist/_astro/index.Duqberm0.js                                             4.01 kB │ gzip:  1.74 kB
04:27:46 [vite] dist/_astro/ServicesPage.cQyXniZH.js                                      4.58 kB │ gzip:  1.85 kB
04:27:46 [vite] dist/_astro/LeadQualificationForm.Dnl0zE9K.js                             5.29 kB │ gzip:  1.75 kB
04:27:46 [vite] dist/_astro/index.CaTgfzfL.js                                             5.56 kB │ gzip:  2.31 kB
04:27:46 [vite] dist/_astro/Navigation.DTmavrwB.js                                        5.81 kB │ gzip:  1.84 kB
04:27:46 [vite] dist/_astro/Footer.CRjDKkbN.js                                            6.49 kB │ gzip:  2.01 kB
04:27:46 [vite] dist/_astro/AboutPage.DVcnj814.js                                         6.55 kB │ gzip:  2.06 kB
04:27:46 [vite] dist/_astro/MicroAgentsPage.Yi9aiURV.js                                   6.58 kB │ gzip:  2.34 kB
04:27:46 [vite] dist/_astro/demo.astro_astro_type_script_index_0_lang.Bjs8lGBP.js         8.02 kB │ gzip:  3.17 kB
04:27:46 [vite] dist/_astro/index.CY-HDqYb.js                                             8.40 kB │ gzip:  3.28 kB
04:27:46 [vite] dist/_astro/LeadQualificationFormSimple.DjMd_n9b.js                       8.78 kB │ gzip:  2.37 kB
04:27:46 [vite] dist/_astro/PaymentDemoPage.B6pp91n7.js                                   9.27 kB │ gzip:  3.77 kB
04:27:46 [vite] dist/_astro/Pricing.B-BFH5Et.js                                          13.74 kB │ gzip:  4.18 kB
04:27:46 [vite] dist/_astro/index.DqmQuXbV.js                                            16.71 kB │ gzip:  6.60 kB
04:27:46 [vite] dist/_astro/KnowledgeBasePage.Kfziop1n.js                                16.94 kB │ gzip:  5.03 kB
04:27:46 [vite] dist/_astro/TechnicalDocsPage.BwEcJky7.js                                18.03 kB │ gzip:  5.54 kB
04:27:46 [vite] dist/_astro/dropdown-menu.0JBKilEp.js                                    19.75 kB │ gzip:  6.09 kB
04:27:46 [vite] dist/_astro/select.DbJvsWZD.js                                           22.24 kB │ gzip:  7.84 kB
04:27:46 [vite] dist/_astro/TechnologyPage.DLtdL1vV.js                                   26.04 kB │ gzip:  7.33 kB
04:27:46 [vite] dist/_astro/button.Cghor3Ge.js                                           28.85 kB │ gzip:  9.52 kB
04:27:46 [vite] dist/_astro/Combination.D2aiP5Qt.js                                      47.27 kB │ gzip: 17.24 kB
04:27:46 [vite] dist/_astro/AppWrapper.CDUW6bZ7.js                                       78.22 kB │ gzip: 21.33 kB
04:27:46 [vite] dist/_astro/dashboard.astro_astro_type_script_index_0_lang.CbWTRejt.js  106.71 kB │ gzip: 31.13 kB
04:27:46 [vite] dist/_astro/client.B-2yCO62.js                                          173.81 kB │ gzip: 54.95 kB
04:27:46 [vite] ✓ built in 2.78s

 prerendering static routes 
04:27:46 ✓ Completed in 30ms.

04:27:46 [build] Rearranging server assets...
04:27:46 [build] Server built in 7.69s
04:27:46 [build] Complete!
npm notice
npm notice New major version of npm available! 10.9.7 -> 11.18.0
npm notice Changelog: https://github.com/npm/cli/releases/tag/v11.18.0
npm notice To update run: npm install -g npm@11.18.0
npm notice
