
> zyatria-global@1.0.0 build
> astro build

05:32:15 [@astrojs/cloudflare] Enabling sessions with Cloudflare KV with the "SESSION" KV binding.
05:32:15 [@astrojs/cloudflare] If you see the error "Invalid binding `SESSION`" in your build output, you need to add the binding to your wrangler config file.
05:32:15 [WARN] [adapter] Cloudflare does not support sharp at runtime. However, you can configure `imageService: "compile"` to optimize images with sharp on prerendered pages during build time.
05:32:15 [vite] Re-optimizing dependencies because vite config has changed
05:32:15 [content] Syncing content
05:32:15 [content] Synced content
05:32:15 [types] Generated 236ms
05:32:15 [build] output: "server"
05:32:15 [build] mode: "server"
05:32:15 [build] directory: /app/dist/
05:32:15 [build] adapter: @astrojs/cloudflare
05:32:15 [build] Collecting build info...
05:32:15 [build] ✓ Completed in 308ms.
05:32:15 [build] Building server entrypoints...
05:32:20 [vite] ✓ built in 4.70s
05:32:20 [build] ✓ Completed in 4.74s.

 building client (vite) 
05:32:20 [vite] transforming...
05:32:22 [vite] ✓ 2245 modules transformed.
05:32:22 [WARN] [vite] Generated an empty chunk: "test.astro_astro_type_script_index_0_lang".
05:32:22 [vite] rendering chunks...
05:32:23 [vite] computing gzip size...
05:32:23 [vite] dist/_astro/base-url.DVjYrgnb.js                                          0.05 kB │ gzip:  0.07 kB
05:32:23 [vite] dist/_astro/check.ChBy7y0Z.js                                             0.30 kB │ gzip:  0.25 kB
05:32:23 [vite] dist/_astro/loader-circle.B2nJ7ggR.js                                     0.32 kB │ gzip:  0.26 kB
05:32:23 [vite] dist/_astro/message-circle.Bwosc0xi.js                                    0.33 kB │ gzip:  0.27 kB
05:32:23 [vite] dist/_astro/code.DVRaCuM1.js                                              0.35 kB │ gzip:  0.26 kB
05:32:23 [vite] dist/_astro/arrow-right.CodxBfua.js                                       0.35 kB │ gzip:  0.27 kB
05:32:23 [vite] dist/_astro/circle-check.jshL4FZU.js                                      0.36 kB │ gzip:  0.28 kB
05:32:23 [vite] dist/_astro/message-square.CXnfTWbq.js                                    0.36 kB │ gzip:  0.28 kB
05:32:23 [vite] dist/_astro/circle-check-big.nDyomz6B.js                                  0.37 kB │ gzip:  0.29 kB
05:32:23 [vite] dist/_astro/credit-card.Dua_DhT0.js                                       0.39 kB │ gzip:  0.30 kB
05:32:23 [vite] dist/_astro/mail.CApxOwl3.js                                              0.40 kB │ gzip:  0.31 kB
05:32:23 [vite] dist/_astro/dollar-sign.DDuLrG71.js                                       0.40 kB │ gzip:  0.30 kB
05:32:23 [vite] dist/_astro/target.CYCcGlGK.js                                            0.41 kB │ gzip:  0.27 kB
05:32:23 [vite] dist/_astro/globe.DcbSHBTb.js                                             0.42 kB │ gzip:  0.30 kB
05:32:23 [vite] dist/_astro/eye.DiQ_SrXp.js                                               0.44 kB │ gzip:  0.31 kB
05:32:23 [vite] dist/_astro/map-pin.CLN-x97Z.js                                           0.44 kB │ gzip:  0.33 kB
05:32:23 [vite] dist/_astro/calendar.D4iXVNnh.js                                          0.44 kB │ gzip:  0.31 kB
05:32:23 [vite] dist/_astro/zap.CphHfqNk.js                                               0.45 kB │ gzip:  0.32 kB
05:32:23 [vite] dist/_astro/shield.CbgHtJXd.js                                            0.45 kB │ gzip:  0.33 kB
05:32:23 [vite] dist/_astro/house.Dzfwy_f4.js                                             0.47 kB │ gzip:  0.33 kB
05:32:23 [vite] dist/_astro/bell.rct9Fv04.js                                              0.47 kB │ gzip:  0.35 kB
05:32:23 [vite] dist/_astro/bot.Dl7znvWL.js                                               0.51 kB │ gzip:  0.34 kB
05:32:23 [vite] dist/_astro/language-context.B0l1Ftcj.js                                  0.58 kB │ gzip:  0.37 kB
05:32:23 [vite] dist/_astro/plus.D4xx5x-P.js                                              0.63 kB │ gzip:  0.33 kB
05:32:23 [vite] dist/_astro/rocket.CYqvwSmU.js                                            0.64 kB │ gzip:  0.42 kB
05:32:23 [vite] dist/_astro/index.B7Xb1fEU.js                                             0.64 kB │ gzip:  0.44 kB
05:32:23 [vite] dist/_astro/x.nRBBq8u_.js                                                 0.65 kB │ gzip:  0.32 kB
05:32:23 [vite] dist/_astro/textarea.C_eNndu9.js                                          0.66 kB │ gzip:  0.40 kB
05:32:23 [vite] dist/_astro/sparkles.MrwbiY9l.js                                          0.68 kB │ gzip:  0.39 kB
05:32:23 [vite] dist/_astro/label.IGjLqeTy.js                                             0.72 kB │ gzip:  0.45 kB
05:32:23 [vite] dist/_astro/jsx-runtime.D_zvdyIk.js                                       0.73 kB │ gzip:  0.46 kB
05:32:23 [vite] dist/_astro/lock.C-PgxVP_.js                                              0.76 kB │ gzip:  0.40 kB
05:32:23 [vite] dist/_astro/users.DVkBwPip.js                                             0.79 kB │ gzip:  0.40 kB
05:32:23 [vite] dist/_astro/input.Bb-2louV.js                                             0.85 kB │ gzip:  0.46 kB
05:32:23 [vite] dist/_astro/send.NXaRzZ27.js                                              0.92 kB │ gzip:  0.46 kB
05:32:23 [vite] dist/_astro/card.BoDgFye4.js                                              0.93 kB │ gzip:  0.41 kB
05:32:23 [vite] dist/_astro/workflow.RThGaOqm.js                                          1.15 kB │ gzip:  0.52 kB
05:32:23 [vite] dist/_astro/badge.C2-L2wzr.js                                             1.19 kB │ gzip:  0.58 kB
05:32:23 [vite] dist/_astro/CompactContactForm.LD4bflkP.js                                1.48 kB │ gzip:  0.67 kB
05:32:23 [vite] dist/_astro/FormspreeButton.CGIk4IRM.js                                   1.58 kB │ gzip:  0.74 kB
05:32:23 [vite] dist/_astro/client.a-dVTLzK.js                                            1.77 kB │ gzip:  0.90 kB
05:32:23 [vite] dist/_astro/createLucideIcon.B7uw3SI9.js                                  1.86 kB │ gzip:  0.80 kB
05:32:23 [vite] dist/_astro/SimpleContactForm.DQJVMYys.js                                 2.17 kB │ gzip:  0.85 kB
05:32:23 [vite] dist/_astro/stripe-links.Cbw51fC7.js                                      2.30 kB │ gzip:  0.98 kB
05:32:23 [vite] dist/_astro/video.CduSFSal.js                                             3.05 kB │ gzip:  0.91 kB
05:32:23 [vite] dist/_astro/tabs.DS-GBn7s.js                                              3.61 kB │ gzip:  1.54 kB
05:32:23 [vite] dist/_astro/index.BvNfZMHe.js                                             3.89 kB │ gzip:  1.52 kB
05:32:23 [vite] dist/_astro/index.Duqberm0.js                                             4.01 kB │ gzip:  1.74 kB
05:32:23 [vite] dist/_astro/ServicesPage.cQyXniZH.js                                      4.58 kB │ gzip:  1.85 kB
05:32:23 [vite] dist/_astro/LeadQualificationForm.DhyzPJ6r.js                             5.26 kB │ gzip:  1.73 kB
05:32:23 [vite] dist/_astro/index.CaTgfzfL.js                                             5.56 kB │ gzip:  2.31 kB
05:32:23 [vite] dist/_astro/Navigation.SP5q1ncL.js                                        5.99 kB │ gzip:  1.91 kB
05:32:23 [vite] dist/_astro/Footer.CRjDKkbN.js                                            6.49 kB │ gzip:  2.01 kB
05:32:23 [vite] dist/_astro/AboutPage.DVcnj814.js                                         6.55 kB │ gzip:  2.06 kB
05:32:23 [vite] dist/_astro/MicroAgentsPage.Yi9aiURV.js                                   6.58 kB │ gzip:  2.34 kB
05:32:23 [vite] dist/_astro/demo.astro_astro_type_script_index_0_lang.2OntAz5K.js         8.05 kB │ gzip:  3.18 kB
05:32:23 [vite] dist/_astro/index.CY-HDqYb.js                                             8.40 kB │ gzip:  3.28 kB
05:32:23 [vite] dist/_astro/LeadQualificationFormSimple.DjMd_n9b.js                       8.78 kB │ gzip:  2.37 kB
05:32:23 [vite] dist/_astro/PaymentDemoPage.B6pp91n7.js                                   9.27 kB │ gzip:  3.77 kB
05:32:23 [vite] dist/_astro/Pricing.-qV7KIzU.js                                          11.56 kB │ gzip:  3.44 kB
05:32:23 [vite] dist/_astro/index.DqmQuXbV.js                                            16.71 kB │ gzip:  6.60 kB
05:32:23 [vite] dist/_astro/KnowledgeBasePage.BU7a8Mqp.js                                16.94 kB │ gzip:  5.03 kB
05:32:23 [vite] dist/_astro/TechnicalDocsPage.BwEcJky7.js                                18.03 kB │ gzip:  5.54 kB
05:32:23 [vite] dist/_astro/dropdown-menu.CVWU9-7f.js                                    19.10 kB │ gzip:  5.82 kB
05:32:23 [vite] dist/_astro/select.BNaM-lV-.js                                           22.45 kB │ gzip:  7.86 kB
05:32:23 [vite] dist/_astro/TechnologyPage.BFIhE3zT.js                                   25.41 kB │ gzip:  7.21 kB
05:32:23 [vite] dist/_astro/button.Cghor3Ge.js                                           28.85 kB │ gzip:  9.52 kB
05:32:23 [vite] dist/_astro/Combination.D2aiP5Qt.js                                      47.27 kB │ gzip: 17.24 kB
05:32:23 [vite] dist/_astro/AppWrapper.8FvsCRn1.js                                       68.14 kB │ gzip: 20.03 kB
05:32:23 [vite] dist/_astro/dashboard.astro_astro_type_script_index_0_lang.CkekTXJ_.js  106.98 kB │ gzip: 31.29 kB
05:32:23 [vite] dist/_astro/client.B-2yCO62.js                                          173.81 kB │ gzip: 54.95 kB
05:32:23 [vite] ✓ built in 3.06s

 prerendering static routes 
05:32:23 ✓ Completed in 35ms.

05:32:23 [build] Rearranging server assets...
05:32:23 [build] Server built in 8.22s
05:32:23 [build] Complete!
