
> zyatria-global@1.0.0 build
> astro build

04:08:14 [@astrojs/cloudflare] Enabling sessions with Cloudflare KV with the "SESSION" KV binding.
04:08:14 [@astrojs/cloudflare] If you see the error "Invalid binding `SESSION`" in your build output, you need to add the binding to your wrangler config file.
04:08:14 [WARN] [adapter] Cloudflare does not support sharp at runtime. However, you can configure `imageService: "compile"` to optimize images with sharp on prerendered pages during build time.
04:08:15 [vite] Re-optimizing dependencies because vite config has changed
04:08:15 [content] Syncing content
04:08:15 [content] Astro config changed
04:08:15 [content] Clearing content store
04:08:15 [content] Synced content
04:08:15 [types] Generated 250ms
04:08:15 [build] output: "server"
04:08:15 [build] mode: "server"
04:08:15 [build] directory: /app/dist/
04:08:15 [build] adapter: @astrojs/cloudflare
04:08:15 [build] Collecting build info...
04:08:15 [build] ✓ Completed in 297ms.
04:08:15 [build] Building server entrypoints...
04:08:19 [vite] ✓ built in 4.34s
04:08:19 [build] ✓ Completed in 4.38s.

 building client (vite) 
04:08:19 [vite] transforming...
04:08:22 [vite] ✓ 2243 modules transformed.
04:08:22 [WARN] [vite] Generated an empty chunk: "test.astro_astro_type_script_index_0_lang".
04:08:22 [vite] rendering chunks...
04:08:22 [vite] computing gzip size...
04:08:22 [vite] dist/_astro/base-url.DVjYrgnb.js                                          0.05 kB │ gzip:  0.07 kB
04:08:22 [vite] dist/_astro/check.ChBy7y0Z.js                                             0.30 kB │ gzip:  0.25 kB
04:08:22 [vite] dist/_astro/chevron-down.DNZWfD6V.js                                      0.31 kB │ gzip:  0.25 kB
04:08:22 [vite] dist/_astro/loader-circle.B2nJ7ggR.js                                     0.32 kB │ gzip:  0.26 kB
04:08:22 [vite] dist/_astro/code.DVRaCuM1.js                                              0.35 kB │ gzip:  0.26 kB
04:08:22 [vite] dist/_astro/arrow-right.CodxBfua.js                                       0.35 kB │ gzip:  0.27 kB
04:08:22 [vite] dist/_astro/search.rMAH6lI6.js                                            0.35 kB │ gzip:  0.28 kB
04:08:22 [vite] dist/_astro/circle-check.jshL4FZU.js                                      0.36 kB │ gzip:  0.28 kB
04:08:22 [vite] dist/_astro/message-square.CXnfTWbq.js                                    0.36 kB │ gzip:  0.28 kB
04:08:22 [vite] dist/_astro/circle-check-big.nDyomz6B.js                                  0.37 kB │ gzip:  0.29 kB
04:08:22 [vite] dist/_astro/credit-card.Dua_DhT0.js                                       0.39 kB │ gzip:  0.30 kB
04:08:22 [vite] dist/_astro/mail.CApxOwl3.js                                              0.40 kB │ gzip:  0.31 kB
04:08:22 [vite] dist/_astro/dollar-sign.DDuLrG71.js                                       0.40 kB │ gzip:  0.30 kB
04:08:22 [vite] dist/_astro/target.CYCcGlGK.js                                            0.41 kB │ gzip:  0.27 kB
04:08:22 [vite] dist/_astro/globe.DcbSHBTb.js                                             0.42 kB │ gzip:  0.30 kB
04:08:22 [vite] dist/_astro/eye.DiQ_SrXp.js                                               0.44 kB │ gzip:  0.31 kB
04:08:22 [vite] dist/_astro/map-pin.CLN-x97Z.js                                           0.44 kB │ gzip:  0.33 kB
04:08:22 [vite] dist/_astro/calendar.D4iXVNnh.js                                          0.44 kB │ gzip:  0.31 kB
04:08:22 [vite] dist/_astro/zap.CphHfqNk.js                                               0.45 kB │ gzip:  0.32 kB
04:08:22 [vite] dist/_astro/shield.CbgHtJXd.js                                            0.45 kB │ gzip:  0.33 kB
04:08:22 [vite] dist/_astro/house.Dzfwy_f4.js                                             0.47 kB │ gzip:  0.33 kB
04:08:22 [vite] dist/_astro/send.frMXlnk_.js                                              0.47 kB │ gzip:  0.34 kB
04:08:22 [vite] dist/_astro/bell.rct9Fv04.js                                              0.47 kB │ gzip:  0.35 kB
04:08:22 [vite] dist/_astro/bot.Dl7znvWL.js                                               0.51 kB │ gzip:  0.34 kB
04:08:22 [vite] dist/_astro/language-context.DxGhI-jn.js                                  0.56 kB │ gzip:  0.36 kB
04:08:22 [vite] dist/_astro/Navigation.C_NW6_OP.js                                        0.57 kB │ gzip:  0.32 kB
04:08:22 [vite] dist/_astro/rocket.CYqvwSmU.js                                            0.64 kB │ gzip:  0.42 kB
04:08:22 [vite] dist/_astro/index.B7Xb1fEU.js                                             0.64 kB │ gzip:  0.44 kB
04:08:22 [vite] dist/_astro/textarea.C_eNndu9.js                                          0.66 kB │ gzip:  0.40 kB
04:08:22 [vite] dist/_astro/sparkles.MrwbiY9l.js                                          0.68 kB │ gzip:  0.39 kB
04:08:22 [vite] dist/_astro/label.IGjLqeTy.js                                             0.72 kB │ gzip:  0.45 kB
04:08:22 [vite] dist/_astro/jsx-runtime.D_zvdyIk.js                                       0.73 kB │ gzip:  0.46 kB
04:08:22 [vite] dist/_astro/users.DVkBwPip.js                                             0.79 kB │ gzip:  0.40 kB
04:08:22 [vite] dist/_astro/input.Bb-2louV.js                                             0.85 kB │ gzip:  0.46 kB
04:08:22 [vite] dist/_astro/card.BoDgFye4.js                                              0.93 kB │ gzip:  0.41 kB
04:08:22 [vite] dist/_astro/star.BrQ0bMQ4.js                                              0.95 kB │ gzip:  0.48 kB
04:08:22 [vite] dist/_astro/workflow.RThGaOqm.js                                          1.15 kB │ gzip:  0.52 kB
04:08:22 [vite] dist/_astro/badge.C2-L2wzr.js                                             1.19 kB │ gzip:  0.58 kB
04:08:22 [vite] dist/_astro/CompactContactForm.BT2nVTo_.js                                1.48 kB │ gzip:  0.68 kB
04:08:22 [vite] dist/_astro/FormspreeButton.qMapE8IG.js                                   1.58 kB │ gzip:  0.74 kB
04:08:22 [vite] dist/_astro/client.a-dVTLzK.js                                            1.77 kB │ gzip:  0.90 kB
04:08:22 [vite] dist/_astro/createLucideIcon.B7uw3SI9.js                                  1.86 kB │ gzip:  0.80 kB
04:08:22 [vite] dist/_astro/SimpleContactForm.BDrVnlG0.js                                 2.17 kB │ gzip:  0.86 kB
04:08:22 [vite] dist/_astro/video.DQzkRHUK.js                                             2.75 kB │ gzip:  0.86 kB
04:08:22 [vite] dist/_astro/tabs.DS-GBn7s.js                                              3.61 kB │ gzip:  1.54 kB
04:08:22 [vite] dist/_astro/index.BvNfZMHe.js                                             3.89 kB │ gzip:  1.52 kB
04:08:22 [vite] dist/_astro/index.Duqberm0.js                                             4.01 kB │ gzip:  1.74 kB
04:08:22 [vite] dist/_astro/ServicesPage.DxA0RsW7.js                                      4.58 kB │ gzip:  1.84 kB
04:08:22 [vite] dist/_astro/LeadQualificationForm.8SNg9eNS.js                             5.29 kB │ gzip:  1.76 kB
04:08:22 [vite] dist/_astro/index.CaTgfzfL.js                                             5.56 kB │ gzip:  2.31 kB
04:08:22 [vite] dist/_astro/DemoPage.BUz1j2ak.js                                          5.67 kB │ gzip:  2.10 kB
04:08:22 [vite] dist/_astro/Navigation.Cb9p8x1n.js                                        5.80 kB │ gzip:  1.78 kB
04:08:22 [vite] dist/_astro/AboutPage.BibU-ihG.js                                         6.55 kB │ gzip:  2.06 kB
04:08:22 [vite] dist/_astro/MicroAgentsPage.CAqx2N-a.js                                   6.58 kB │ gzip:  2.34 kB
04:08:22 [vite] dist/_astro/Footer.C9iUNXKS.js                                            6.62 kB │ gzip:  2.01 kB
04:08:22 [vite] dist/_astro/index.CY-HDqYb.js                                             8.40 kB │ gzip:  3.28 kB
04:08:22 [vite] dist/_astro/LeadQualificationFormSimple.DAi1s7PM.js                       8.78 kB │ gzip:  2.37 kB
04:08:22 [vite] dist/_astro/PaymentDemoPage.cvin33mZ.js                                   9.27 kB │ gzip:  3.78 kB
04:08:22 [vite] dist/_astro/Pricing.DISPd2rD.js                                          12.86 kB │ gzip:  3.87 kB
04:08:22 [vite] dist/_astro/index.DqmQuXbV.js                                            16.71 kB │ gzip:  6.60 kB
04:08:22 [vite] dist/_astro/KnowledgeBasePage.D86_WzIM.js                                17.19 kB │ gzip:  5.07 kB
04:08:22 [vite] dist/_astro/TechnicalDocsPage.BwEcJky7.js                                18.03 kB │ gzip:  5.54 kB
04:08:22 [vite] dist/_astro/dropdown-menu.0JBKilEp.js                                    19.75 kB │ gzip:  6.09 kB
04:08:22 [vite] dist/_astro/select.DbJvsWZD.js                                           22.24 kB │ gzip:  7.84 kB
04:08:22 [vite] dist/_astro/TechnologyPage.BoC7j9_a.js                                   26.04 kB │ gzip:  7.33 kB
04:08:22 [vite] dist/_astro/button.Cghor3Ge.js                                           28.85 kB │ gzip:  9.52 kB
04:08:22 [vite] dist/_astro/Combination.D2aiP5Qt.js                                      47.27 kB │ gzip: 17.24 kB
04:08:22 [vite] dist/_astro/AppWrapper.BAM8A4n7.js                                       78.33 kB │ gzip: 22.23 kB
04:08:22 [vite] dist/_astro/dashboard.astro_astro_type_script_index_0_lang.DLaUazz-.js  106.74 kB │ gzip: 31.13 kB
04:08:22 [vite] dist/_astro/client.B-2yCO62.js                                          173.81 kB │ gzip: 54.95 kB
04:08:22 [vite] ✓ built in 3.00s

 prerendering static routes 
04:08:22 ✓ Completed in 26ms.

04:08:22 [build] Rearranging server assets...
04:08:22 [build] Server built in 7.77s
04:08:22 [build] Complete!
