
 ⛅️ wrangler 4.26.1 (update available 4.113.0)
──────────────────────────────────────────────
🌀 Building list of assets...
✨ Read 183 files from the assets directory /app/dist

[31m✘ [41;31m[[41;97mERROR[41;31m][0m [1mUploading a Pages _worker.js directory as an asset.[0m

  This could expose your private server-side code to the public Internet. Is this intended?
  If you do not want to upload this directory, either remove it or add an ".assetsignore" file, to the root of your asset directory, containing "_worker.js" to avoid uploading.
  If you do want to upload this directory, you can add an empty ".assetsignore" file, to the root of your asset directory, to hide this error.


🪵  Logs were written to "/root/.config/.wrangler/logs/wrangler-2026-07-22_04-25-57_630.log"

 ⛅️ wrangler 4.26.1 (update available 4.113.0)
──────────────────────────────────────────────
🌀 Building list of assets...
✨ Read 184 files from the assets directory /app/dist
🌀 Starting asset upload...
🌀 Found 103 new or modified static assets to upload. Proceeding with upload...
+ /_astro/base-url.DVjYrgnb.js
+ /_astro/message-circle.Bwosc0xi.js
+ /_astro/circle-check.jshL4FZU.js
+ /_astro/credit-card.Dua_DhT0.js
+ /_astro/target.CYCcGlGK.js
+ /_astro/map-pin.CLN-x97Z.js
+ /_astro/shield.CbgHtJXd.js
+ /_astro/bot.Dl7znvWL.js
+ /_astro/plus.D4xx5x-P.js
+ /_astro/index.BdyBDgr_.js
+ /_astro/sparkles.MrwbiY9l.js
+ /_astro/jsx-runtime.D_zvdyIk.js
+ /favicon.svg
+ /_astro/card.rUXi4x01.js
+ /logo-with-text.svg
+ /_astro/CompactContactForm.CYGerBw_.js
+ /social-media/facebook-cover.svg
+ /_astro/createLucideIcon.B7uw3SI9.js
+ /social-media/linkedin-banner.svg
+ /og-image-micro-agents.svg
+ /og-image-home.svg
+ /_astro/stripe-links.BdNXeYNd.js
+ /_astro/index.BvNfZMHe.js
+ /hero-illustration.svg
+ /_astro/ServicesPage.G7gil_lQ.js
+ /_astro/LeadQualificationForm.GzwL9PxP.js
+ /logo-animated.svg
+ /_astro/MicroAgentsPage.DYyVFdPK.js
+ /_astro/demo.astro_astro_type_script_index_0_lang.D7aPWqsf.js
+ /_astro/PaymentDemoPage.BNunij0q.js
+ /_astro/index.DqmQuXbV.js
+ /_astro/dropdown-menu.B-cfmBSR.js
+ /_astro/TechnologyPage.BqjziS2K.js
+ /_astro/dashboard.astro_astro_type_script_index_0_lang.BHcx1C8m.js
+ /zyatria-simple.zip
+ /_astro/check.ChBy7y0Z.js
+ /_astro/code.DVRaCuM1.js
+ /_astro/message-square.CXnfTWbq.js
+ /_astro/mail.CApxOwl3.js
+ /_astro/globe.DcbSHBTb.js
+ /_astro/calendar.D4iXVNnh.js
+ /_astro/house.Dzfwy_f4.js
+ /robots.txt
+ /_astro/rocket.CYqvwSmU.js
+ /_astro/x.nRBBq8u_.js
+ /_routes.json
+ /_astro/lock.C-PgxVP_.js
+ /_astro/input.DSYrZDKv.js
+ /_astro/workflow.RThGaOqm.js
+ /og-image.svg
+ /_astro/FormspreeButton.CGIk4IRM.js
+ /social-media/youtube-thumbnail-template.svg
+ /og-image-services.svg
+ /logo.svg
+ /_astro/video.CduSFSal.js
+ /social-media/instagram-post-template.svg
+ /how-it-works-illustration.svg
+ /_astro/button.C3K10HyD.js
+ /favicon.ico
+ /test-direct.html
+ /_astro/index.9I3bWDMV.js
+ /_astro/Footer.CRjDKkbN.js
+ /hero-dashboard.svg
+ /_astro/index.CY-HDqYb.js
+ /test-logos.html
+ /_astro/KnowledgeBasePage.V9iSutuB.js
+ /_astro/select.DEXUd0W2.js
+ /_astro/Combination.BrwIydAx.js
+ /_astro/client.B-2yCO62.js
+ /_astro/loader-circle.B2nJ7ggR.js
+ /_astro/arrow-right.CodxBfua.js
+ /_astro/circle-check-big.nDyomz6B.js
+ /_astro/dollar-sign.DDuLrG71.js
+ /_astro/eye.DiQ_SrXp.js
+ /_astro/zap.CphHfqNk.js
+ /_astro/bell.rct9Fv04.js
+ /_astro/language-context.B0l1Ftcj.js
+ /logo-placeholder.html
+ /_astro/textarea.ByOQvpFi.js
+ /_astro/label.D1xxUaEI.js
+ /_astro/users.DVkBwPip.js
+ /_astro/send.NXaRzZ27.js
+ /_astro/badge.BfH0aMSJ.js
+ /zyatria-global-logo.svg
+ /social-media/twitter-banner.svg
+ /_astro/client.a-dVTLzK.js
+ /_astro/SimpleContactForm.Bssft2tV.js
+ /logo-light.svg
+ /social-media/youtube-banner.svg
+ /social-media/instagram-story-template.svg
+ /_astro/tabs.D5WaRt3n.js
+ /_astro/index.bMvqMXRi.js
+ /micro-agents-illustration.svg
+ /sitemap.xml
+ /_astro/Navigation.kpJCrsJo.js
+ /_astro/AboutPage.CC95wb1k.js
+ /hero-abstract.svg
+ /_astro/LeadQualificationFormSimple.DjMd_n9b.js
+ /_astro/Pricing.zCl95_fs.js
+ /_astro/TechnicalDocsPage.Bmt5OOIV.js
+ /_astro/utils.CBfrqCZ4.js
+ /_astro/AppWrapper.BxRF2g_T.js
+ /_astro/about.Bpsb4HEW.css
Uploaded 34 of 103 assets
Uploaded 69 of 103 assets
Uploaded 103 of 103 assets
✨ Success! Uploaded 103 files (1.32 sec)

Total Upload: 2254.03 KiB / gzip: 444.41 KiB
Worker Startup Time: 25 ms
Your Worker has access to the following bindings:
Binding                          Resource                  
env.ASSETS                       Assets                    
env.NODE_ENV ("production")      Environment Variable      

Uploaded zyatria-global (4.39 sec)
Deployed zyatria-global triggers (0.47 sec)
  https://zyatria-global.zyatria-contact.workers.dev
Current Version ID: 67694a22-1f34-42a4-a5e3-adc6bbd15561
